> Task :app:clean
> Task :app:preBuild UP-TO-DATE
> Task :app:preDebugBuild UP-TO-DATE
> Task :app:mergeDebugNativeDebugMetadata NO-SOURCE
> Task :core:model:checkKotlinGradlePluginConfigurationErrors SKIPPED
> Task :core:model:compileKotlin UP-TO-DATE
> Task :core:model:compileJava NO-SOURCE
> Task :core:model:processResources NO-SOURCE
> Task :core:model:classes UP-TO-DATE
> Task :core:model:jar UP-TO-DATE
> Task :app:checkKotlinGradlePluginConfigurationErrors SKIPPED
> Task :core:data:preBuild UP-TO-DATE
> Task :core:data:preDebugBuild UP-TO-DATE
> Task :core:data:writeDebugAarMetadata UP-TO-DATE
> Task :core:database:preBuild UP-TO-DATE
> Task :core:database:preDebugBuild UP-TO-DATE
> Task :core:database:writeDebugAarMetadata UP-TO-DATE
> Task :core:ui:preBuild UP-TO-DATE
> Task :core:ui:preDebugBuild UP-TO-DATE
> Task :core:ui:writeDebugAarMetadata UP-TO-DATE
> Task :feature:calendar:preBuild UP-TO-DATE
> Task :feature:calendar:preDebugBuild UP-TO-DATE
> Task :feature:calendar:writeDebugAarMetadata UP-TO-DATE
> Task :feature:home:preBuild UP-TO-DATE
> Task :feature:home:preDebugBuild UP-TO-DATE
> Task :feature:home:writeDebugAarMetadata UP-TO-DATE
> Task :feature:settings:preBuild UP-TO-DATE
> Task :feature:settings:preDebugBuild UP-TO-DATE
> Task :feature:settings:writeDebugAarMetadata UP-TO-DATE
> Task :feature:studyplan:preBuild UP-TO-DATE
> Task :feature:studyplan:preDebugBuild UP-TO-DATE
> Task :feature:studyplan:writeDebugAarMetadata UP-TO-DATE
> Task :feature:subjects:preBuild UP-TO-DATE
> Task :feature:subjects:preDebugBuild UP-TO-DATE
> Task :feature:subjects:writeDebugAarMetadata UP-TO-DATE
> Task :app:generateDebugResValues
> Task :core:data:generateDebugResValues UP-TO-DATE
> Task :core:data:generateDebugResources UP-TO-DATE
> Task :core:data:packageDebugResources UP-TO-DATE
> Task :core:database:generateDebugResValues UP-TO-DATE
> Task :core:database:generateDebugResources UP-TO-DATE
> Task :core:database:packageDebugResources UP-TO-DATE
> Task :core:ui:generateDebugResValues UP-TO-DATE
> Task :core:ui:generateDebugResources UP-TO-DATE
> Task :core:ui:packageDebugResources UP-TO-DATE
> Task :feature:calendar:generateDebugResValues UP-TO-DATE
> Task :feature:calendar:generateDebugResources UP-TO-DATE
> Task :feature:calendar:packageDebugResources UP-TO-DATE
> Task :feature:home:generateDebugResValues UP-TO-DATE
> Task :feature:home:generateDebugResources UP-TO-DATE
> Task :feature:home:packageDebugResources UP-TO-DATE
> Task :feature:settings:generateDebugResValues UP-TO-DATE
> Task :feature:settings:generateDebugResources UP-TO-DATE
> Task :feature:settings:packageDebugResources UP-TO-DATE
> Task :feature:studyplan:generateDebugResValues UP-TO-DATE
> Task :feature:studyplan:generateDebugResources UP-TO-DATE
> Task :feature:studyplan:packageDebugResources UP-TO-DATE
> Task :feature:subjects:generateDebugResValues UP-TO-DATE
> Task :feature:subjects:generateDebugResources UP-TO-DATE
> Task :feature:subjects:packageDebugResources UP-TO-DATE
> Task :app:checkDebugAarMetadata
> Task :app:mapDebugSourceSetPaths
> Task :app:generateDebugResources
> Task :app:packageDebugResources
> Task :app:parseDebugLocalResources
> Task :app:createDebugCompatibleScreenManifests
> Task :app:extractDeepLinksDebug
> Task :core:data:extractDeepLinksDebug UP-TO-DATE
> Task :core:data:processDebugManifest UP-TO-DATE
> Task :core:database:extractDeepLinksDebug UP-TO-DATE
> Task :core:database:processDebugManifest UP-TO-DATE
> Task :core:ui:extractDeepLinksDebug UP-TO-DATE
> Task :core:ui:processDebugManifest UP-TO-DATE
> Task :app:mergeDebugResources
> Task :feature:calendar:extractDeepLinksDebug UP-TO-DATE
> Task :feature:calendar:processDebugManifest UP-TO-DATE
> Task :feature:home:extractDeepLinksDebug UP-TO-DATE
> Task :feature:home:processDebugManifest UP-TO-DATE
> Task :feature:settings:extractDeepLinksDebug UP-TO-DATE
> Task :feature:settings:processDebugManifest UP-TO-DATE
> Task :feature:studyplan:extractDeepLinksDebug UP-TO-DATE
> Task :feature:studyplan:processDebugManifest UP-TO-DATE
> Task :feature:subjects:extractDeepLinksDebug UP-TO-DATE
> Task :feature:subjects:processDebugManifest UP-TO-DATE
> Task :app:processDebugMainManifest
> Task :app:processDebugManifest
> Task :core:data:compileDebugLibraryResources UP-TO-DATE
> Task :core:data:parseDebugLocalResources UP-TO-DATE
> Task :app:processDebugManifestForPackage
> Task :core:data:generateDebugRFile UP-TO-DATE
> Task :core:database:compileDebugLibraryResources UP-TO-DATE
> Task :core:database:parseDebugLocalResources UP-TO-DATE
> Task :core:database:generateDebugRFile UP-TO-DATE
> Task :core:ui:compileDebugLibraryResources UP-TO-DATE
> Task :core:ui:parseDebugLocalResources UP-TO-DATE
> Task :core:ui:generateDebugRFile UP-TO-DATE
> Task :feature:calendar:compileDebugLibraryResources UP-TO-DATE
> Task :feature:calendar:parseDebugLocalResources UP-TO-DATE
> Task :feature:calendar:generateDebugRFile UP-TO-DATE
> Task :feature:home:compileDebugLibraryResources UP-TO-DATE
> Task :feature:home:parseDebugLocalResources UP-TO-DATE
> Task :feature:home:generateDebugRFile UP-TO-DATE
> Task :feature:settings:compileDebugLibraryResources UP-TO-DATE
> Task :feature:settings:parseDebugLocalResources UP-TO-DATE
> Task :feature:settings:generateDebugRFile UP-TO-DATE
> Task :feature:studyplan:compileDebugLibraryResources UP-TO-DATE
> Task :feature:studyplan:parseDebugLocalResources UP-TO-DATE
> Task :feature:studyplan:generateDebugRFile UP-TO-DATE
> Task :feature:subjects:compileDebugLibraryResources UP-TO-DATE
> Task :feature:subjects:parseDebugLocalResources UP-TO-DATE
> Task :feature:subjects:generateDebugRFile UP-TO-DATE
> Task :core:data:checkKotlinGradlePluginConfigurationErrors SKIPPED
> Task :core:database:checkKotlinGradlePluginConfigurationErrors SKIPPED
> Task :core:database:kspDebugKotlin UP-TO-DATE
> Task :core:database:compileDebugKotlin UP-TO-DATE
> Task :core:database:javaPreCompileDebug UP-TO-DATE
> Task :core:database:compileDebugJavaWithJavac NO-SOURCE
> Task :core:database:bundleLibCompileToJarDebug UP-TO-DATE
> Task :core:data:compileDebugKotlin UP-TO-DATE
> Task :core:data:javaPreCompileDebug UP-TO-DATE
> Task :core:data:compileDebugJavaWithJavac NO-SOURCE
> Task :core:data:bundleLibCompileToJarDebug UP-TO-DATE
> Task :core:ui:checkKotlinGradlePluginConfigurationErrors SKIPPED
> Task :core:ui:compileDebugKotlin UP-TO-DATE
> Task :core:ui:javaPreCompileDebug UP-TO-DATE
> Task :core:ui:compileDebugJavaWithJavac NO-SOURCE
> Task :core:ui:bundleLibCompileToJarDebug UP-TO-DATE
> Task :feature:calendar:checkKotlinGradlePluginConfigurationErrors SKIPPED
> Task :feature:calendar:compileDebugKotlin UP-TO-DATE
> Task :feature:calendar:javaPreCompileDebug UP-TO-DATE
> Task :feature:calendar:compileDebugJavaWithJavac NO-SOURCE
> Task :feature:calendar:bundleLibCompileToJarDebug UP-TO-DATE
> Task :feature:home:checkKotlinGradlePluginConfigurationErrors SKIPPED
> Task :feature:home:compileDebugKotlin UP-TO-DATE
> Task :feature:home:javaPreCompileDebug UP-TO-DATE
> Task :feature:home:compileDebugJavaWithJavac NO-SOURCE
> Task :feature:home:bundleLibCompileToJarDebug UP-TO-DATE
> Task :feature:settings:checkKotlinGradlePluginConfigurationErrors SKIPPED
> Task :feature:settings:compileDebugKotlin UP-TO-DATE
> Task :feature:settings:javaPreCompileDebug UP-TO-DATE
> Task :feature:settings:compileDebugJavaWithJavac NO-SOURCE
> Task :feature:settings:bundleLibCompileToJarDebug UP-TO-DATE
> Task :feature:studyplan:checkKotlinGradlePluginConfigurationErrors SKIPPED
> Task :feature:studyplan:compileDebugKotlin UP-TO-DATE
> Task :feature:studyplan:javaPreCompileDebug UP-TO-DATE
> Task :feature:studyplan:compileDebugJavaWithJavac NO-SOURCE
> Task :feature:studyplan:bundleLibCompileToJarDebug UP-TO-DATE
> Task :feature:subjects:checkKotlinGradlePluginConfigurationErrors SKIPPED
> Task :feature:subjects:compileDebugKotlin UP-TO-DATE
> Task :feature:subjects:javaPreCompileDebug UP-TO-DATE
> Task :feature:subjects:compileDebugJavaWithJavac NO-SOURCE
> Task :feature:subjects:bundleLibCompileToJarDebug UP-TO-DATE
> Task :app:javaPreCompileDebug
> Task :app:mergeDebugShaders
> Task :app:compileDebugShaders NO-SOURCE
> Task :app:generateDebugAssets UP-TO-DATE
> Task :core:data:mergeDebugShaders UP-TO-DATE
> Task :core:data:compileDebugShaders NO-SOURCE
> Task :core:data:generateDebugAssets UP-TO-DATE
> Task :core:data:mergeDebugAssets UP-TO-DATE
> Task :core:database:mergeDebugShaders UP-TO-DATE
> Task :core:database:compileDebugShaders NO-SOURCE
> Task :core:database:generateDebugAssets UP-TO-DATE
> Task :core:database:mergeDebugAssets UP-TO-DATE
> Task :core:ui:mergeDebugShaders UP-TO-DATE
> Task :core:ui:compileDebugShaders NO-SOURCE
> Task :core:ui:generateDebugAssets UP-TO-DATE
> Task :core:ui:mergeDebugAssets UP-TO-DATE
> Task :feature:calendar:mergeDebugShaders UP-TO-DATE
> Task :feature:calendar:compileDebugShaders NO-SOURCE
> Task :feature:calendar:generateDebugAssets UP-TO-DATE
> Task :feature:calendar:mergeDebugAssets UP-TO-DATE
> Task :feature:home:mergeDebugShaders UP-TO-DATE
> Task :feature:home:compileDebugShaders NO-SOURCE
> Task :feature:home:generateDebugAssets UP-TO-DATE
> Task :feature:home:mergeDebugAssets UP-TO-DATE
> Task :feature:settings:mergeDebugShaders UP-TO-DATE
> Task :feature:settings:compileDebugShaders NO-SOURCE
> Task :feature:settings:generateDebugAssets UP-TO-DATE
> Task :feature:settings:mergeDebugAssets UP-TO-DATE
> Task :feature:studyplan:mergeDebugShaders UP-TO-DATE
> Task :feature:studyplan:compileDebugShaders NO-SOURCE
> Task :feature:studyplan:generateDebugAssets UP-TO-DATE
> Task :feature:studyplan:mergeDebugAssets UP-TO-DATE
> Task :feature:subjects:mergeDebugShaders UP-TO-DATE
> Task :feature:subjects:compileDebugShaders NO-SOURCE
> Task :feature:subjects:generateDebugAssets UP-TO-DATE
> Task :feature:subjects:mergeDebugAssets UP-TO-DATE
> Task :app:mergeDebugAssets
> Task :app:compressDebugAssets
> Task :feature:home:bundleLibRuntimeToJarDebug UP-TO-DATE
> Task :feature:calendar:bundleLibRuntimeToJarDebug UP-TO-DATE
> Task :feature:subjects:bundleLibRuntimeToJarDebug UP-TO-DATE
> Task :feature:studyplan:bundleLibRuntimeToJarDebug UP-TO-DATE
> Task :feature:settings:bundleLibRuntimeToJarDebug UP-TO-DATE
> Task :core:data:bundleLibRuntimeToJarDebug UP-TO-DATE
> Task :core:database:bundleLibRuntimeToJarDebug UP-TO-DATE
> Task :core:ui:bundleLibRuntimeToJarDebug UP-TO-DATE
> Task :app:desugarDebugFileDependencies
> Task :core:data:processDebugJavaRes UP-TO-DATE
> Task :core:database:processDebugJavaRes UP-TO-DATE
> Task :core:ui:processDebugJavaRes UP-TO-DATE
> Task :feature:calendar:processDebugJavaRes UP-TO-DATE
> Task :feature:home:processDebugJavaRes UP-TO-DATE
> Task :feature:settings:processDebugJavaRes UP-TO-DATE
> Task :feature:studyplan:processDebugJavaRes UP-TO-DATE
> Task :feature:subjects:processDebugJavaRes UP-TO-DATE
> Task :app:checkDebugDuplicateClasses
> Task :app:processDebugResources
> Task :app:mergeExtDexDebug
> Task :feature:home:bundleLibRuntimeToDirDebug UP-TO-DATE
> Task :feature:calendar:bundleLibRuntimeToDirDebug UP-TO-DATE
> Task :feature:subjects:bundleLibRuntimeToDirDebug UP-TO-DATE
> Task :feature:studyplan:bundleLibRuntimeToDirDebug UP-TO-DATE
> Task :feature:settings:bundleLibRuntimeToDirDebug UP-TO-DATE
> Task :core:data:bundleLibRuntimeToDirDebug UP-TO-DATE
> Task :core:database:bundleLibRuntimeToDirDebug UP-TO-DATE
> Task :core:ui:bundleLibRuntimeToDirDebug UP-TO-DATE
> Task :app:mergeLibDexDebug
> Task :app:mergeDebugJniLibFolders
> Task :core:data:mergeDebugJniLibFolders UP-TO-DATE
> Task :core:data:mergeDebugNativeLibs NO-SOURCE
> Task :core:data:copyDebugJniLibsProjectOnly UP-TO-DATE
> Task :core:database:mergeDebugJniLibFolders UP-TO-DATE
> Task :core:database:mergeDebugNativeLibs NO-SOURCE
> Task :core:database:copyDebugJniLibsProjectOnly UP-TO-DATE
> Task :core:ui:mergeDebugJniLibFolders UP-TO-DATE
> Task :core:ui:mergeDebugNativeLibs NO-SOURCE
> Task :core:ui:copyDebugJniLibsProjectOnly UP-TO-DATE
> Task :feature:calendar:mergeDebugJniLibFolders UP-TO-DATE
> Task :feature:calendar:mergeDebugNativeLibs NO-SOURCE
> Task :feature:calendar:copyDebugJniLibsProjectOnly UP-TO-DATE
> Task :feature:home:mergeDebugJniLibFolders UP-TO-DATE
> Task :feature:home:mergeDebugNativeLibs NO-SOURCE
> Task :feature:home:copyDebugJniLibsProjectOnly UP-TO-DATE
> Task :feature:settings:mergeDebugJniLibFolders UP-TO-DATE
> Task :feature:settings:mergeDebugNativeLibs NO-SOURCE
> Task :feature:settings:copyDebugJniLibsProjectOnly UP-TO-DATE
> Task :feature:studyplan:mergeDebugJniLibFolders UP-TO-DATE
> Task :feature:studyplan:mergeDebugNativeLibs NO-SOURCE
> Task :feature:studyplan:copyDebugJniLibsProjectOnly UP-TO-DATE
> Task :feature:subjects:mergeDebugJniLibFolders UP-TO-DATE
> Task :feature:subjects:mergeDebugNativeLibs NO-SOURCE
> Task :feature:subjects:copyDebugJniLibsProjectOnly UP-TO-DATE
> Task :app:mergeDebugNativeLibs

> Task :app:stripDebugDebugSymbols
Unable to strip the following libraries, packaging them as they are: libandroidx.graphics.path.so. Run with --info option to learn more.

> Task :app:validateSigningDebug
> Task :app:writeDebugAppMetadata
> Task :app:writeDebugSigningConfigVersions
> Task :core:data:stripDebugDebugSymbols NO-SOURCE
> Task :core:data:copyDebugJniLibsProjectAndLocalJars UP-TO-DATE
> Task :core:data:extractDebugAnnotations UP-TO-DATE
> Task :core:data:extractDeepLinksForAarDebug UP-TO-DATE
> Task :core:data:mergeDebugGeneratedProguardFiles UP-TO-DATE
> Task :core:data:mergeDebugConsumerProguardFiles UP-TO-DATE
> Task :core:data:prepareDebugArtProfile UP-TO-DATE
> Task :core:data:prepareLintJarForPublish UP-TO-DATE
> Task :core:data:mergeDebugJavaResource UP-TO-DATE
> Task :core:data:syncDebugLibJars UP-TO-DATE
> Task :core:data:bundleDebugLocalLintAar UP-TO-DATE
> Task :core:database:stripDebugDebugSymbols NO-SOURCE
> Task :core:database:copyDebugJniLibsProjectAndLocalJars UP-TO-DATE
> Task :core:database:extractDebugAnnotations UP-TO-DATE
> Task :core:database:extractDeepLinksForAarDebug UP-TO-DATE
> Task :core:database:mergeDebugGeneratedProguardFiles UP-TO-DATE
> Task :core:database:mergeDebugConsumerProguardFiles UP-TO-DATE
> Task :core:database:prepareDebugArtProfile UP-TO-DATE
> Task :core:database:prepareLintJarForPublish UP-TO-DATE
> Task :core:database:mergeDebugJavaResource UP-TO-DATE
> Task :core:database:syncDebugLibJars UP-TO-DATE
> Task :core:database:bundleDebugLocalLintAar UP-TO-DATE
> Task :core:ui:stripDebugDebugSymbols NO-SOURCE
> Task :core:ui:copyDebugJniLibsProjectAndLocalJars UP-TO-DATE
> Task :core:ui:extractDebugAnnotations UP-TO-DATE
> Task :core:ui:extractDeepLinksForAarDebug UP-TO-DATE
> Task :core:ui:mergeDebugGeneratedProguardFiles UP-TO-DATE
> Task :core:ui:mergeDebugConsumerProguardFiles UP-TO-DATE
> Task :core:ui:prepareDebugArtProfile UP-TO-DATE
> Task :core:ui:prepareLintJarForPublish UP-TO-DATE
> Task :core:ui:mergeDebugJavaResource UP-TO-DATE
> Task :core:ui:syncDebugLibJars UP-TO-DATE
> Task :core:ui:bundleDebugLocalLintAar UP-TO-DATE
> Task :feature:home:stripDebugDebugSymbols NO-SOURCE
> Task :feature:home:copyDebugJniLibsProjectAndLocalJars UP-TO-DATE
> Task :feature:home:extractDebugAnnotations UP-TO-DATE
> Task :feature:home:extractDeepLinksForAarDebug UP-TO-DATE
> Task :feature:home:mergeDebugGeneratedProguardFiles UP-TO-DATE
> Task :feature:home:mergeDebugConsumerProguardFiles UP-TO-DATE
> Task :feature:home:prepareDebugArtProfile UP-TO-DATE
> Task :feature:home:prepareLintJarForPublish UP-TO-DATE
> Task :feature:home:mergeDebugJavaResource UP-TO-DATE
> Task :feature:home:syncDebugLibJars UP-TO-DATE
> Task :feature:home:bundleDebugLocalLintAar UP-TO-DATE
> Task :feature:calendar:stripDebugDebugSymbols NO-SOURCE
> Task :feature:calendar:copyDebugJniLibsProjectAndLocalJars UP-TO-DATE
> Task :feature:calendar:extractDebugAnnotations UP-TO-DATE
> Task :feature:calendar:extractDeepLinksForAarDebug UP-TO-DATE
> Task :feature:calendar:mergeDebugGeneratedProguardFiles UP-TO-DATE
> Task :feature:calendar:mergeDebugConsumerProguardFiles UP-TO-DATE
> Task :feature:calendar:prepareDebugArtProfile UP-TO-DATE
> Task :feature:calendar:prepareLintJarForPublish UP-TO-DATE
> Task :feature:calendar:mergeDebugJavaResource UP-TO-DATE
> Task :feature:calendar:syncDebugLibJars UP-TO-DATE
> Task :feature:calendar:bundleDebugLocalLintAar UP-TO-DATE
> Task :feature:subjects:stripDebugDebugSymbols NO-SOURCE
> Task :feature:subjects:copyDebugJniLibsProjectAndLocalJars UP-TO-DATE
> Task :feature:subjects:extractDebugAnnotations UP-TO-DATE
> Task :feature:subjects:extractDeepLinksForAarDebug UP-TO-DATE
> Task :feature:subjects:mergeDebugGeneratedProguardFiles UP-TO-DATE
> Task :feature:subjects:mergeDebugConsumerProguardFiles UP-TO-DATE
> Task :feature:subjects:prepareDebugArtProfile UP-TO-DATE
> Task :feature:subjects:prepareLintJarForPublish UP-TO-DATE
> Task :feature:subjects:mergeDebugJavaResource UP-TO-DATE
> Task :feature:subjects:syncDebugLibJars UP-TO-DATE
> Task :feature:subjects:bundleDebugLocalLintAar UP-TO-DATE
> Task :feature:studyplan:stripDebugDebugSymbols NO-SOURCE
> Task :feature:studyplan:copyDebugJniLibsProjectAndLocalJars UP-TO-DATE
> Task :feature:studyplan:extractDebugAnnotations UP-TO-DATE
> Task :feature:studyplan:extractDeepLinksForAarDebug UP-TO-DATE
> Task :feature:studyplan:mergeDebugGeneratedProguardFiles UP-TO-DATE
> Task :feature:studyplan:mergeDebugConsumerProguardFiles UP-TO-DATE
> Task :feature:studyplan:prepareDebugArtProfile UP-TO-DATE
> Task :feature:studyplan:prepareLintJarForPublish UP-TO-DATE
> Task :feature:studyplan:mergeDebugJavaResource UP-TO-DATE
> Task :feature:studyplan:syncDebugLibJars UP-TO-DATE
> Task :feature:studyplan:bundleDebugLocalLintAar UP-TO-DATE
> Task :feature:settings:stripDebugDebugSymbols NO-SOURCE
> Task :feature:settings:copyDebugJniLibsProjectAndLocalJars UP-TO-DATE
> Task :feature:settings:extractDebugAnnotations UP-TO-DATE
> Task :feature:settings:extractDeepLinksForAarDebug UP-TO-DATE
> Task :feature:settings:mergeDebugGeneratedProguardFiles UP-TO-DATE
> Task :feature:settings:mergeDebugConsumerProguardFiles UP-TO-DATE
> Task :feature:settings:prepareDebugArtProfile UP-TO-DATE
> Task :feature:settings:prepareLintJarForPublish UP-TO-DATE
> Task :feature:settings:mergeDebugJavaResource UP-TO-DATE
> Task :feature:settings:syncDebugLibJars UP-TO-DATE
> Task :feature:settings:bundleDebugLocalLintAar UP-TO-DATE
> Task :app:preDebugAndroidTestBuild SKIPPED
> Task :app:generateDebugAndroidTestResValues
> Task :core:data:createFullJarDebug UP-TO-DATE
> Task :core:data:writeDebugLintModelMetadata UP-TO-DATE
> Task :core:database:createFullJarDebug UP-TO-DATE
> Task :core:database:writeDebugLintModelMetadata UP-TO-DATE
> Task :core:ui:createFullJarDebug UP-TO-DATE
> Task :core:ui:writeDebugLintModelMetadata UP-TO-DATE
> Task :feature:calendar:createFullJarDebug UP-TO-DATE
> Task :feature:calendar:writeDebugLintModelMetadata UP-TO-DATE
> Task :feature:home:createFullJarDebug UP-TO-DATE
> Task :feature:home:writeDebugLintModelMetadata UP-TO-DATE
> Task :feature:settings:createFullJarDebug UP-TO-DATE
> Task :feature:settings:writeDebugLintModelMetadata UP-TO-DATE
> Task :feature:studyplan:createFullJarDebug UP-TO-DATE
> Task :feature:studyplan:writeDebugLintModelMetadata UP-TO-DATE
> Task :feature:subjects:createFullJarDebug UP-TO-DATE
> Task :feature:subjects:writeDebugLintModelMetadata UP-TO-DATE
> Task :app:extractProguardFiles
> Task :core:data:extractProguardFiles UP-TO-DATE
> Task :core:database:extractProguardFiles UP-TO-DATE
> Task :core:database:generateDebugLintModel UP-TO-DATE
> Task :core:data:generateDebugLintModel UP-TO-DATE
> Task :core:ui:extractProguardFiles UP-TO-DATE
> Task :core:ui:generateDebugLintModel UP-TO-DATE
> Task :feature:calendar:extractProguardFiles UP-TO-DATE
> Task :feature:calendar:generateDebugLintModel UP-TO-DATE
> Task :feature:home:extractProguardFiles UP-TO-DATE
> Task :feature:home:generateDebugLintModel UP-TO-DATE
> Task :feature:settings:extractProguardFiles UP-TO-DATE
> Task :feature:settings:generateDebugLintModel UP-TO-DATE
> Task :feature:studyplan:extractProguardFiles UP-TO-DATE
> Task :feature:studyplan:generateDebugLintModel UP-TO-DATE
> Task :feature:subjects:extractProguardFiles UP-TO-DATE
> Task :feature:subjects:generateDebugLintModel UP-TO-DATE
> Task :app:preDebugUnitTestBuild UP-TO-DATE
> Task :core:database:lintAnalyzeDebug UP-TO-DATE
> Task :core:data:lintAnalyzeDebug UP-TO-DATE
> Task :core:ui:lintAnalyzeDebug UP-TO-DATE
> Task :feature:calendar:lintAnalyzeDebug UP-TO-DATE
> Task :feature:home:lintAnalyzeDebug UP-TO-DATE
> Task :feature:settings:lintAnalyzeDebug UP-TO-DATE
> Task :feature:studyplan:lintAnalyzeDebug UP-TO-DATE
> Task :feature:subjects:lintAnalyzeDebug UP-TO-DATE
> Task :core:data:preDebugAndroidTestBuild UP-TO-DATE
> Task :core:data:generateDebugAndroidTestResValues UP-TO-DATE
> Task :core:data:generateDebugAndroidTestLintModel UP-TO-DATE
> Task :core:data:preDebugUnitTestBuild UP-TO-DATE
> Task :core:data:generateDebugUnitTestLintModel UP-TO-DATE
> Task :core:data:lintAnalyzeDebugAndroidTest UP-TO-DATE
> Task :core:data:lintAnalyzeDebugUnitTest UP-TO-DATE
> Task :core:database:preDebugAndroidTestBuild UP-TO-DATE
> Task :core:database:generateDebugAndroidTestResValues UP-TO-DATE
> Task :core:database:generateDebugAndroidTestLintModel UP-TO-DATE
> Task :core:database:preDebugUnitTestBuild UP-TO-DATE
> Task :core:database:generateDebugUnitTestLintModel UP-TO-DATE
> Task :core:database:lintAnalyzeDebugAndroidTest UP-TO-DATE
> Task :core:database:lintAnalyzeDebugUnitTest UP-TO-DATE
> Task :core:ui:preDebugAndroidTestBuild UP-TO-DATE
> Task :core:ui:generateDebugAndroidTestResValues UP-TO-DATE
> Task :core:ui:generateDebugAndroidTestLintModel UP-TO-DATE
> Task :core:ui:preDebugUnitTestBuild UP-TO-DATE
> Task :core:ui:generateDebugUnitTestLintModel UP-TO-DATE
> Task :core:ui:lintAnalyzeDebugAndroidTest UP-TO-DATE
> Task :core:ui:lintAnalyzeDebugUnitTest UP-TO-DATE
> Task :feature:calendar:preDebugAndroidTestBuild UP-TO-DATE
> Task :feature:calendar:generateDebugAndroidTestResValues UP-TO-DATE
> Task :feature:calendar:generateDebugAndroidTestLintModel UP-TO-DATE
> Task :feature:calendar:preDebugUnitTestBuild UP-TO-DATE
> Task :feature:calendar:generateDebugUnitTestLintModel UP-TO-DATE
> Task :feature:calendar:lintAnalyzeDebugAndroidTest UP-TO-DATE
> Task :feature:calendar:lintAnalyzeDebugUnitTest UP-TO-DATE
> Task :feature:home:preDebugAndroidTestBuild UP-TO-DATE
> Task :feature:home:generateDebugAndroidTestResValues UP-TO-DATE
> Task :feature:home:generateDebugAndroidTestLintModel UP-TO-DATE
> Task :feature:home:preDebugUnitTestBuild UP-TO-DATE
> Task :feature:home:generateDebugUnitTestLintModel UP-TO-DATE
> Task :feature:home:lintAnalyzeDebugAndroidTest UP-TO-DATE
> Task :feature:home:lintAnalyzeDebugUnitTest UP-TO-DATE
> Task :feature:settings:preDebugAndroidTestBuild UP-TO-DATE
> Task :feature:settings:generateDebugAndroidTestResValues UP-TO-DATE
> Task :feature:settings:generateDebugAndroidTestLintModel UP-TO-DATE
> Task :feature:settings:preDebugUnitTestBuild UP-TO-DATE
> Task :feature:settings:generateDebugUnitTestLintModel UP-TO-DATE
> Task :feature:settings:lintAnalyzeDebugAndroidTest UP-TO-DATE
> Task :feature:settings:lintAnalyzeDebugUnitTest UP-TO-DATE
> Task :feature:studyplan:preDebugAndroidTestBuild UP-TO-DATE
> Task :feature:studyplan:generateDebugAndroidTestResValues UP-TO-DATE
> Task :feature:studyplan:generateDebugAndroidTestLintModel UP-TO-DATE
> Task :feature:studyplan:preDebugUnitTestBuild UP-TO-DATE
> Task :feature:studyplan:generateDebugUnitTestLintModel UP-TO-DATE
> Task :feature:studyplan:lintAnalyzeDebugAndroidTest UP-TO-DATE
> Task :feature:studyplan:lintAnalyzeDebugUnitTest UP-TO-DATE
> Task :feature:subjects:preDebugAndroidTestBuild UP-TO-DATE
> Task :feature:subjects:generateDebugAndroidTestResValues UP-TO-DATE
> Task :feature:subjects:generateDebugAndroidTestLintModel UP-TO-DATE
> Task :feature:subjects:preDebugUnitTestBuild UP-TO-DATE
> Task :feature:subjects:generateDebugUnitTestLintModel UP-TO-DATE
> Task :feature:subjects:lintAnalyzeDebugAndroidTest UP-TO-DATE
> Task :feature:subjects:lintAnalyzeDebugUnitTest UP-TO-DATE

> Task :app:compileDebugKotlin
w: file:///home/kpyr/Projects/Takt/app/src/main/java/com/kpyruy/takt/app/CreateItemScreen.kt:62:40 'val Icons.Filled.ArrowBack: ImageVector' is deprecated. Use the AutoMirrored version at Icons.AutoMirrored.Filled.ArrowBack.

> Task :app:compileDebugJavaWithJavac NO-SOURCE
> Task :app:dexBuilderDebug
> Task :app:processDebugJavaRes
> Task :app:mergeDebugGlobalSynthetics
> Task :app:mergeProjectDexDebug
> Task :app:bundleDebugClassesToCompileJar
> Task :app:generateDebugAndroidTestLintModel
> Task :app:generateDebugLintReportModel
> Task :app:generateDebugUnitTestLintModel
> Task :app:mergeDebugJavaResource
> Task :app:packageDebug
> Task :app:createDebugApkListingFileRedirect
> Task :app:assembleDebug
> Task :app:lintAnalyzeDebugAndroidTest
> Task :app:lintAnalyzeDebugUnitTest
> Task :app:lintAnalyzeDebug

> Task :app:lintReportDebug
Wrote HTML report to file:///home/kpyr/Projects/Takt/app/build/reports/lint-results-debug.html

> Task :app:lintDebug

BUILD SUCCESSFUL in 1m
362 actionable tasks: 47 executed, 315 up-to-date
