
com.kpyruy.takt.app.SchedulePolishTest:
Error in tapHoldAbsenceSettingsAndIconScroll(com.kpyruy.takt.app.SchedulePolishTest):
java.lang.AssertionError: Failed to inject touch input.
Reason: Expected exactly '1' node but could not find any node that satisfies: ((Text + InputText + EditableText contains 'Таймтейбл' (ignoreCase: false)) && (OnClick is defined))

	at androidx.compose.ui.test.SemanticsNodeInteraction.fetchOneOrThrow(SemanticsNodeInteraction.kt:178)
	at androidx.compose.ui.test.SemanticsNodeInteraction.fetchOneOrThrow$default(SemanticsNodeInteraction.kt:150)
	at androidx.compose.ui.test.SemanticsNodeInteraction.fetchSemanticsNode(SemanticsNodeInteraction.kt:84)
	at androidx.compose.ui.test.ActionsKt.performTouchInput(Actions.kt:389)
	at androidx.compose.ui.test.AndroidActions.performClickImpl(Actions.android.kt:23)
	at androidx.compose.ui.test.ActionsKt.performClick(Actions.kt:60)
	at com.kpyruy.takt.app.SchedulePolishTest.tapHoldAbsenceSettingsAndIconScroll(SchedulePolishTest.kt:92)


Time: 32.86
There was 1 failure:
1) tapHoldAbsenceSettingsAndIconScroll(com.kpyruy.takt.app.SchedulePolishTest)
java.lang.AssertionError: Failed to inject touch input.
Reason: Expected exactly '1' node but could not find any node that satisfies: ((Text + InputText + EditableText contains 'Таймтейбл' (ignoreCase: false)) && (OnClick is defined))

	at androidx.compose.ui.test.SemanticsNodeInteraction.fetchOneOrThrow(SemanticsNodeInteraction.kt:178)
	at androidx.compose.ui.test.SemanticsNodeInteraction.fetchOneOrThrow$default(SemanticsNodeInteraction.kt:150)
	at androidx.compose.ui.test.SemanticsNodeInteraction.fetchSemanticsNode(SemanticsNodeInteraction.kt:84)
	at androidx.compose.ui.test.ActionsKt.performTouchInput(Actions.kt:389)
	at androidx.compose.ui.test.AndroidActions.performClickImpl(Actions.android.kt:23)
	at androidx.compose.ui.test.ActionsKt.performClick(Actions.kt:60)
	at com.kpyruy.takt.app.SchedulePolishTest.tapHoldAbsenceSettingsAndIconScroll(SchedulePolishTest.kt:92)

FAILURES!!!
Tests run: 1,  Failures: 1


