
com.kpyruy.takt.app.SchedulePolishTest:
Error in tapHoldAbsenceSettingsAndIconScroll(com.kpyruy.takt.app.SchedulePolishTest):
java.lang.AssertionError: Action performScrollTo() failed.
Reason: Expected exactly '1' node but could not find any node that satisfies: ((Text + InputText + EditableText contains 'Fyzika · prednáška' (ignoreCase: false)) && (OnClick is defined))

	at androidx.compose.ui.test.SemanticsNodeInteraction.fetchOneOrThrow(SemanticsNodeInteraction.kt:178)
	at androidx.compose.ui.test.SemanticsNodeInteraction.fetchOneOrThrow$default(SemanticsNodeInteraction.kt:150)
	at androidx.compose.ui.test.SemanticsNodeInteraction.fetchSemanticsNode(SemanticsNodeInteraction.kt:84)
	at androidx.compose.ui.test.ActionsKt.performScrollTo(Actions.kt:82)
	at com.kpyruy.takt.app.SchedulePolishTest.tapHoldAbsenceSettingsAndIconScroll(SchedulePolishTest.kt:82)


Time: 35.768
There was 1 failure:
1) tapHoldAbsenceSettingsAndIconScroll(com.kpyruy.takt.app.SchedulePolishTest)
java.lang.AssertionError: Action performScrollTo() failed.
Reason: Expected exactly '1' node but could not find any node that satisfies: ((Text + InputText + EditableText contains 'Fyzika · prednáška' (ignoreCase: false)) && (OnClick is defined))

	at androidx.compose.ui.test.SemanticsNodeInteraction.fetchOneOrThrow(SemanticsNodeInteraction.kt:178)
	at androidx.compose.ui.test.SemanticsNodeInteraction.fetchOneOrThrow$default(SemanticsNodeInteraction.kt:150)
	at androidx.compose.ui.test.SemanticsNodeInteraction.fetchSemanticsNode(SemanticsNodeInteraction.kt:84)
	at androidx.compose.ui.test.ActionsKt.performScrollTo(Actions.kt:82)
	at com.kpyruy.takt.app.SchedulePolishTest.tapHoldAbsenceSettingsAndIconScroll(SchedulePolishTest.kt:82)

FAILURES!!!
Tests run: 1,  Failures: 1


